// Jest Snapshot v1, https://goo.gl/fbAQLP

exports[`macros should support composed types: functions: should support composed types: functions 1`] = `

import { producer } from './build/macro/index.macro'
producer(({
  a1 = Get.foo || '123' && '123'
}) => { })

      ↓ ↓ ↓ ↓ ↓ ↓

producer({
  args: {
    type: "STRUCT",
    value: {
      a1: {
        type: "FUNC",
        value: {
          params: [
            {
              type: "GET",
              value: "value"
            }
          ],
          fn: "fn"
        }
      }
    }
  },
  fn: ({ a1 }) => {}
});


`;
